<?xml version="1.0" encoding="UTF-8"?>
<TestRun id="0b27f679-912b-414e-869a-2487c32c1bb7" name="Student@10266A-ANTONYN 2010-02-01 04:49:08" runUser="10266A-ANTONYN\Student" xmlns="http://microsoft.com/schemas/VisualStudio/TeamTest/2010">
  <TestSettings name="Local" id="d091077b-0f37-40bc-9f73-bce729aa63a3">
    <Description>These are default test settings for a local test run.</Description>
    <Deployment enabled="false" runDeploymentRoot="Student_10266A-ANTONYN 2010-02-01 04_49_08">
      <DeploymentItem filename="E:\Labfiles\Lab 3\Ex4\Starter\GreatestCommonDivisor\bin\Debug\Module3.exe" />
    </Deployment>
    <Execution>
      <TestTypeSpecific />
      <AgentRule name="Execution Agents">
      </AgentRule>
    </Execution>
  </TestSettings>
  <Times creation="2010-02-01T04:49:08.4150391-08:00" queuing="2010-02-01T04:49:09.5224610-08:00" start="2010-02-01T04:49:09.6445313-08:00" finish="2010-02-01T04:49:12.5800782-08:00" />
  <ResultSummary outcome="Completed">
    <Counters total="5" executed="5" passed="5" error="0" failed="0" timeout="0" aborted="0" inconclusive="0" passedButRunAborted="0" notRunnable="0" notExecuted="0" disconnected="0" warning="0" completed="0" inProgress="0" pending="0" />
  </ResultSummary>
  <TestDefinitions>
    <UnitTest name="GcdSteinTest" storage="e:\labfiles\lab 3\ex4\starter\gcd unit test project\bin\debug\module 3 unit test project.dll" id="c52a6d4f-7aea-640e-32a4-c88afd60f4b2">
      <Execution id="4c6bee58-dc13-48bf-bb0d-52d73961efdf" />
      <TestMethod codeBase="E:/Labfiles/Lab 3/Ex4/Starter/GCD Unit Test Project/bin/Debug/Module 3 Unit Test Project.DLL" adapterTypeName="Microsoft.VisualStudio.TestTools.TestTypes.Unit.UnitTestAdapter, Microsoft.VisualStudio.QualityTools.Tips.UnitTest.Adapter, Version=10.0.0.0, Culture=neutral, PublicKeyToken=b03f5f7f11d50a3a" className="Lab3TestProject.GCDAlgorithmsTest, Module 3 Unit Test Project, Version=1.0.0.0, Culture=neutral, PublicKeyToken=null" name="GcdSteinTest" />
    </UnitTest>
    <UnitTest name="FindGCDEuclidTest1" storage="e:\labfiles\lab 3\ex4\starter\gcd unit test project\bin\debug\module 3 unit test project.dll" id="2e492ccc-3dd9-902d-78f9-22945abe38b1">
      <Execution id="ede9e034-3e2e-4748-bba5-68eeee4c4fe8" />
      <TestMethod codeBase="E:/Labfiles/Lab 3/Ex4/Starter/GCD Unit Test Project/bin/Debug/Module 3 Unit Test Project.DLL" adapterTypeName="Microsoft.VisualStudio.TestTools.TestTypes.Unit.UnitTestAdapter, Microsoft.VisualStudio.QualityTools.Tips.UnitTest.Adapter, Version=10.0.0.0, Culture=neutral, PublicKeyToken=b03f5f7f11d50a3a" className="Lab3TestProject.GCDAlgorithmsTest, Module 3 Unit Test Project, Version=1.0.0.0, Culture=neutral, PublicKeyToken=null" name="FindGCDEuclidTest1" />
    </UnitTest>
    <UnitTest name="FindGCDEuclidTest2" storage="e:\labfiles\lab 3\ex4\starter\gcd unit test project\bin\debug\module 3 unit test project.dll" id="1d4ef893-e4d6-9113-ebc3-e2a2bdc272e4">
      <Execution id="ffbbb48a-3f4d-4932-a41b-233acca0ee71" />
      <TestMethod codeBase="E:/Labfiles/Lab 3/Ex4/Starter/GCD Unit Test Project/bin/Debug/Module 3 Unit Test Project.DLL" adapterTypeName="Microsoft.VisualStudio.TestTools.TestTypes.Unit.UnitTestAdapter, Microsoft.VisualStudio.QualityTools.Tips.UnitTest.Adapter, Version=10.0.0.0, Culture=neutral, PublicKeyToken=b03f5f7f11d50a3a" className="Lab3TestProject.GCDAlgorithmsTest, Module 3 Unit Test Project, Version=1.0.0.0, Culture=neutral, PublicKeyToken=null" name="FindGCDEuclidTest2" />
    </UnitTest>
    <UnitTest name="FindGCDEuclidTest3" storage="e:\labfiles\lab 3\ex4\starter\gcd unit test project\bin\debug\module 3 unit test project.dll" id="c835113f-26cd-99e6-f1f7-f5db022c5d8c">
      <Execution id="1f1d4679-cbf2-46c1-9ee0-2be38a921f93" />
      <TestMethod codeBase="E:/Labfiles/Lab 3/Ex4/Starter/GCD Unit Test Project/bin/Debug/Module 3 Unit Test Project.DLL" adapterTypeName="Microsoft.VisualStudio.TestTools.TestTypes.Unit.UnitTestAdapter, Microsoft.VisualStudio.QualityTools.Tips.UnitTest.Adapter, Version=10.0.0.0, Culture=neutral, PublicKeyToken=b03f5f7f11d50a3a" className="Lab3TestProject.GCDAlgorithmsTest, Module 3 Unit Test Project, Version=1.0.0.0, Culture=neutral, PublicKeyToken=null" name="FindGCDEuclidTest3" />
    </UnitTest>
    <UnitTest name="FindGCDEuclidTest" storage="e:\labfiles\lab 3\ex4\starter\gcd unit test project\bin\debug\module 3 unit test project.dll" id="87b2fd12-20ed-1085-53fc-de9dc4ad4981">
      <Execution id="427f2d61-463b-4b49-910d-8f56a489f3a2" />
      <TestMethod codeBase="E:/Labfiles/Lab 3/Ex4/Starter/GCD Unit Test Project/bin/Debug/Module 3 Unit Test Project.DLL" adapterTypeName="Microsoft.VisualStudio.TestTools.TestTypes.Unit.UnitTestAdapter, Microsoft.VisualStudio.QualityTools.Tips.UnitTest.Adapter, Version=10.0.0.0, Culture=neutral, PublicKeyToken=b03f5f7f11d50a3a" className="Lab3TestProject.GCDAlgorithmsTest, Module 3 Unit Test Project, Version=1.0.0.0, Culture=neutral, PublicKeyToken=null" name="FindGCDEuclidTest" />
    </UnitTest>
  </TestDefinitions>
  <TestLists>
    <TestList name="Results Not in a List" id="8c84fa94-04c1-424b-9868-57a2d4851a1d" />
    <TestList name="All Loaded Results" id="19431567-8539-422a-85d7-44ee4e166bda" />
  </TestLists>
  <TestEntries>
    <TestEntry testId="c52a6d4f-7aea-640e-32a4-c88afd60f4b2" executionId="4c6bee58-dc13-48bf-bb0d-52d73961efdf" testListId="8c84fa94-04c1-424b-9868-57a2d4851a1d" />
    <TestEntry testId="87b2fd12-20ed-1085-53fc-de9dc4ad4981" executionId="427f2d61-463b-4b49-910d-8f56a489f3a2" testListId="8c84fa94-04c1-424b-9868-57a2d4851a1d" />
    <TestEntry testId="2e492ccc-3dd9-902d-78f9-22945abe38b1" executionId="ede9e034-3e2e-4748-bba5-68eeee4c4fe8" testListId="8c84fa94-04c1-424b-9868-57a2d4851a1d" />
    <TestEntry testId="1d4ef893-e4d6-9113-ebc3-e2a2bdc272e4" executionId="ffbbb48a-3f4d-4932-a41b-233acca0ee71" testListId="8c84fa94-04c1-424b-9868-57a2d4851a1d" />
    <TestEntry testId="c835113f-26cd-99e6-f1f7-f5db022c5d8c" executionId="1f1d4679-cbf2-46c1-9ee0-2be38a921f93" testListId="8c84fa94-04c1-424b-9868-57a2d4851a1d" />
  </TestEntries>
  <Results>
    <UnitTestResult executionId="4c6bee58-dc13-48bf-bb0d-52d73961efdf" testId="c52a6d4f-7aea-640e-32a4-c88afd60f4b2" testName="GcdSteinTest" computerName="10266A-ANTONYN" duration="00:00:00.0198617" startTime="2010-02-01T04:49:09.7402344-08:00" endTime="2010-02-01T04:49:10.2656250-08:00" testType="13cdc9d9-ddb5-4fa4-a97d-d965ccfc6d4b" outcome="Passed" testListId="8c84fa94-04c1-424b-9868-57a2d4851a1d" relativeResultsDirectory="4c6bee58-dc13-48bf-bb0d-52d73961efdf">
    </UnitTestResult>
    <UnitTestResult executionId="427f2d61-463b-4b49-910d-8f56a489f3a2" testId="87b2fd12-20ed-1085-53fc-de9dc4ad4981" testName="FindGCDEuclidTest" computerName="10266A-ANTONYN" duration="00:00:00.0020835" startTime="2010-02-01T04:49:10.2783204-08:00" endTime="2010-02-01T04:49:10.2880860-08:00" testType="13cdc9d9-ddb5-4fa4-a97d-d965ccfc6d4b" outcome="Passed" testListId="8c84fa94-04c1-424b-9868-57a2d4851a1d" relativeResultsDirectory="427f2d61-463b-4b49-910d-8f56a489f3a2">
    </UnitTestResult>
    <UnitTestResult executionId="ede9e034-3e2e-4748-bba5-68eeee4c4fe8" testId="2e492ccc-3dd9-902d-78f9-22945abe38b1" testName="FindGCDEuclidTest1" computerName="10266A-ANTONYN" duration="00:00:00.0011736" startTime="2010-02-01T04:49:10.2910157-08:00" endTime="2010-02-01T04:49:10.2958985-08:00" testType="13cdc9d9-ddb5-4fa4-a97d-d965ccfc6d4b" outcome="Passed" testListId="8c84fa94-04c1-424b-9868-57a2d4851a1d" relativeResultsDirectory="ede9e034-3e2e-4748-bba5-68eeee4c4fe8">
    </UnitTestResult>
    <UnitTestResult executionId="ffbbb48a-3f4d-4932-a41b-233acca0ee71" testId="1d4ef893-e4d6-9113-ebc3-e2a2bdc272e4" testName="FindGCDEuclidTest2" computerName="10266A-ANTONYN" duration="00:00:00.0014091" startTime="2010-02-01T04:49:10.2988282-08:00" endTime="2010-02-01T04:49:10.3046875-08:00" testType="13cdc9d9-ddb5-4fa4-a97d-d965ccfc6d4b" outcome="Passed" testListId="8c84fa94-04c1-424b-9868-57a2d4851a1d" relativeResultsDirectory="ffbbb48a-3f4d-4932-a41b-233acca0ee71">
    </UnitTestResult>
    <UnitTestResult executionId="1f1d4679-cbf2-46c1-9ee0-2be38a921f93" testId="c835113f-26cd-99e6-f1f7-f5db022c5d8c" testName="FindGCDEuclidTest3" computerName="10266A-ANTONYN" duration="00:00:02.1840116" startTime="2010-02-01T04:49:10.3125000-08:00" endTime="2010-02-01T04:49:12.5136719-08:00" testType="13cdc9d9-ddb5-4fa4-a97d-d965ccfc6d4b" outcome="Passed" testListId="8c84fa94-04c1-424b-9868-57a2d4851a1d" relativeResultsDirectory="1f1d4679-cbf2-46c1-9ee0-2be38a921f93">
    </UnitTestResult>
  </Results>
</TestRun>