<?xml version="1.0" encoding="UTF-8"?>
<TestRun id="c0b1bddc-020f-4aa8-a81e-b672be559ffa" name="Student@10266A-GEN-DEV 2009-12-01 09:38:41" runUser="10266A-GEN-DEV\Student" xmlns="http://microsoft.com/schemas/VisualStudio/TeamTest/2010">
  <TestSettings name="Local" id="6644ed84-5c4a-43e1-855b-9b4b1b5eacda">
    <Description>These are default test settings for a local test run.</Description>
    <Deployment enabled="false" runDeploymentRoot="Student_10266A-GEN-DEV 2009-12-01 09_38_41">
      <DeploymentItem filename="E:\Labfiles\Lab 14\BinaryTree\BinaryTree\bin\Debug\BinaryTree.dll" />
      <DeploymentItem filename="E:\Labfiles\Lab 14\Ex 2 - Dynamic LINQ\Starter\StressDataAnalyzer\bin\Debug\StressDataAnalyzer.exe" />
      <DeploymentItem filename="E:\Labfiles\Lab 14\StressTestResult\StressTestResult\bin\Debug\StressTestResult.dll" />
    </Deployment>
    <Execution>
      <TestTypeSpecific />
      <AgentRule name="Execution Agents">
      </AgentRule>
    </Execution>
  </TestSettings>
  <Times creation="2009-12-01T09:38:41.5614688-08:00" queuing="2009-12-01T09:38:42.7401797-08:00" start="2009-12-01T09:38:42.8905703-08:00" finish="2009-12-01T09:38:44.8231875-08:00" />
  <ResultSummary outcome="Warning">
    <Counters total="1" executed="1" passed="1" error="0" failed="0" timeout="0" aborted="0" inconclusive="0" passedButRunAborted="0" notRunnable="0" notExecuted="0" disconnected="0" warning="0" completed="0" inProgress="0" pending="0" />
    <RunInfos>
      <RunInfo computerName="10266A-GEN-DEV" outcome="Warning" timestamp="2009-12-01T09:38:42.4061953-08:00">
        <Text>Deployment is currently disabled. The deployment item 'StressDataAnalyzer.exe' on test 'StressDataAnalyzerTest.DataAnalyzerTest.CreateQueryandFormatResultsTest' was not deployed.</Text>
      </RunInfo>
    </RunInfos>
  </ResultSummary>
  <TestDefinitions>
    <UnitTest name="CreateQueryandFormatResultsTest" storage="e:\labfiles\lab 14\ex 2 - dynamic linq\starter\stresstestanalyzertest\bin\debug\strestestanalyzertest.dll" id="4a3896a7-0f16-e172-d42d-db5d5edbc649">
      <DeploymentItems>
        <DeploymentItem filename="StressDataAnalyzer.exe" />
      </DeploymentItems>
      <Execution id="d4a8021b-ada9-4b3b-b8d4-6a60f591a67b" />
      <TestMethod codeBase="E:/Labfiles/Lab 14/Ex 2 - Dynamic LINQ/Starter/StressTestAnalyzerTest/bin/Debug/StresTestAnalyzerTest.DLL" adapterTypeName="Microsoft.VisualStudio.TestTools.TestTypes.Unit.UnitTestAdapter, Microsoft.VisualStudio.QualityTools.Tips.UnitTest.Adapter, Version=10.0.0.0, Culture=neutral, PublicKeyToken=b03f5f7f11d50a3a" className="StressDataAnalyzerTest.DataAnalyzerTest, StresTestAnalyzerTest, Version=1.0.0.0, Culture=neutral, PublicKeyToken=null" name="CreateQueryandFormatResultsTest" />
    </UnitTest>
  </TestDefinitions>
  <TestLists>
    <TestList name="Results Not in a List" id="8c84fa94-04c1-424b-9868-57a2d4851a1d" />
    <TestList name="All Loaded Results" id="19431567-8539-422a-85d7-44ee4e166bda" />
  </TestLists>
  <TestEntries>
    <TestEntry testId="4a3896a7-0f16-e172-d42d-db5d5edbc649" executionId="d4a8021b-ada9-4b3b-b8d4-6a60f591a67b" testListId="8c84fa94-04c1-424b-9868-57a2d4851a1d" />
  </TestEntries>
  <Results>
    <UnitTestResult executionId="d4a8021b-ada9-4b3b-b8d4-6a60f591a67b" testId="4a3896a7-0f16-e172-d42d-db5d5edbc649" testName="CreateQueryandFormatResultsTest" computerName="10266A-GEN-DEV" duration="00:00:01.3480174" startTime="2009-12-01T09:38:42.9374453-08:00" endTime="2009-12-01T09:38:44.7450625-08:00" testType="13cdc9d9-ddb5-4fa4-a97d-d965ccfc6d4b" outcome="Passed" testListId="8c84fa94-04c1-424b-9868-57a2d4851a1d" relativeResultsDirectory="d4a8021b-ada9-4b3b-b8d4-6a60f591a67b">
    </UnitTestResult>
  </Results>
</TestRun>