<?xml version="1.0" encoding="UTF-8"?>
<TestRun id="df58ce50-e86e-49b8-b928-50c05ff74b8c" name="Student@10266A-GEN-DEV 2009-12-08 06:18:08" runUser="10266A-GEN-DEV\Student" xmlns="http://microsoft.com/schemas/VisualStudio/TeamTest/2010">
  <TestSettings name="Local" id="ec544e03-20d0-4280-bdbf-9f992f5801fd">
    <Description>These are default test settings for a local test run.</Description>
    <Deployment userDeploymentRoot="E:\Labfiles\Lab 4\Ex 2 - Detecting Exceptions\Solution\TestResults" useDefaultDeploymentRoot="false" enabled="false" runDeploymentRoot="Student_10266A-GEN-DEV 2009-12-08 06_18_08">
      <DeploymentItem filename="E:\Labfiles\Lab 4\Ex 2 - Detecting Exceptions\Solution\MatrixMultiplication\bin\Debug\MatrixMultiplication.exe" />
    </Deployment>
    <Execution>
      <TestTypeSpecific />
      <AgentRule name="Execution Agents">
      </AgentRule>
    </Execution>
  </TestSettings>
  <Times creation="2009-12-08T06:18:08.5184610-08:00" queuing="2009-12-08T06:18:08.5223672-08:00" start="2009-12-08T06:18:08.5497110-08:00" finish="2009-12-08T06:18:09.0311563-08:00" />
  <ResultSummary outcome="Completed">
    <Counters total="3" executed="3" passed="3" error="0" failed="0" timeout="0" aborted="0" inconclusive="0" passedButRunAborted="0" notRunnable="0" notExecuted="0" disconnected="0" warning="0" completed="0" inProgress="0" pending="0" />
  </ResultSummary>
  <TestDefinitions>
    <UnitTest name="MatrixMultiplyTest1" storage="e:\labfiles\lab 4\ex 2 - detecting exceptions\solution\matrix unit test project\bin\debug\module 4 unit test project.dll" id="0f679c2e-619a-fab9-64a5-dcb018921581">
      <Execution id="c37fb4d4-5d39-4e0c-9110-c2b2939baeb5" />
      <TestMethod codeBase="E:/Labfiles/Lab 4/Ex 2 - Detecting Exceptions/Solution/Matrix Unit Test Project/bin/Debug/Module 4 Unit Test Project.DLL" adapterTypeName="Microsoft.VisualStudio.TestTools.TestTypes.Unit.UnitTestAdapter, Microsoft.VisualStudio.QualityTools.Tips.UnitTest.Adapter, Version=10.0.0.0, Culture=neutral, PublicKeyToken=b03f5f7f11d50a3a" className="Lab4UnitTests.MatrixTest, Module 4 Unit Test Project, Version=1.0.0.0, Culture=neutral, PublicKeyToken=null" name="MatrixMultiplyTest1" />
    </UnitTest>
    <UnitTest name="MatrixMultiplyTest3" storage="e:\labfiles\lab 4\ex 2 - detecting exceptions\solution\matrix unit test project\bin\debug\module 4 unit test project.dll" id="48bb4ce0-916f-fd78-cb24-8c67a8d2a76b">
      <Execution id="fde8a53a-9755-4422-96ca-3b76b5e07146" />
      <TestMethod codeBase="E:/Labfiles/Lab 4/Ex 2 - Detecting Exceptions/Solution/Matrix Unit Test Project/bin/Debug/Module 4 Unit Test Project.DLL" adapterTypeName="Microsoft.VisualStudio.TestTools.TestTypes.Unit.UnitTestAdapter, Microsoft.VisualStudio.QualityTools.Tips.UnitTest.Adapter, Version=10.0.0.0, Culture=neutral, PublicKeyToken=b03f5f7f11d50a3a" className="Lab4UnitTests.MatrixTest, Module 4 Unit Test Project, Version=1.0.0.0, Culture=neutral, PublicKeyToken=null" name="MatrixMultiplyTest3" />
    </UnitTest>
    <UnitTest name="MatrixMultiplyTest2" storage="e:\labfiles\lab 4\ex 2 - detecting exceptions\solution\matrix unit test project\bin\debug\module 4 unit test project.dll" id="16e12141-9207-2540-ef3e-b656cbc6231c">
      <Execution id="c81ac90d-ea98-45d4-b8d4-eeeffdd70b97" />
      <TestMethod codeBase="E:/Labfiles/Lab 4/Ex 2 - Detecting Exceptions/Solution/Matrix Unit Test Project/bin/Debug/Module 4 Unit Test Project.DLL" adapterTypeName="Microsoft.VisualStudio.TestTools.TestTypes.Unit.UnitTestAdapter, Microsoft.VisualStudio.QualityTools.Tips.UnitTest.Adapter, Version=10.0.0.0, Culture=neutral, PublicKeyToken=b03f5f7f11d50a3a" className="Lab4UnitTests.MatrixTest, Module 4 Unit Test Project, Version=1.0.0.0, Culture=neutral, PublicKeyToken=null" name="MatrixMultiplyTest2" />
    </UnitTest>
  </TestDefinitions>
  <TestLists>
    <TestList name="Results Not in a List" id="8c84fa94-04c1-424b-9868-57a2d4851a1d" />
    <TestList name="All Loaded Results" id="19431567-8539-422a-85d7-44ee4e166bda" />
  </TestLists>
  <TestEntries>
    <TestEntry testId="0f679c2e-619a-fab9-64a5-dcb018921581" executionId="c37fb4d4-5d39-4e0c-9110-c2b2939baeb5" testListId="8c84fa94-04c1-424b-9868-57a2d4851a1d" />
    <TestEntry testId="16e12141-9207-2540-ef3e-b656cbc6231c" executionId="c81ac90d-ea98-45d4-b8d4-eeeffdd70b97" testListId="8c84fa94-04c1-424b-9868-57a2d4851a1d" />
    <TestEntry testId="48bb4ce0-916f-fd78-cb24-8c67a8d2a76b" executionId="fde8a53a-9755-4422-96ca-3b76b5e07146" testListId="8c84fa94-04c1-424b-9868-57a2d4851a1d" />
  </TestEntries>
  <Results>
    <UnitTestResult executionId="c37fb4d4-5d39-4e0c-9110-c2b2939baeb5" testId="0f679c2e-619a-fab9-64a5-dcb018921581" testName="MatrixMultiplyTest1" computerName="10266A-GEN-DEV" duration="00:00:00.0176944" startTime="2009-12-08T06:18:08.5672891-08:00" endTime="2009-12-08T06:18:08.9960000-08:00" testType="13cdc9d9-ddb5-4fa4-a97d-d965ccfc6d4b" outcome="Passed" testListId="8c84fa94-04c1-424b-9868-57a2d4851a1d" relativeResultsDirectory="c37fb4d4-5d39-4e0c-9110-c2b2939baeb5">
    </UnitTestResult>
    <UnitTestResult executionId="c81ac90d-ea98-45d4-b8d4-eeeffdd70b97" testId="16e12141-9207-2540-ef3e-b656cbc6231c" testName="MatrixMultiplyTest2" computerName="10266A-GEN-DEV" duration="00:00:00.0029121" startTime="2009-12-08T06:18:09.0008829-08:00" endTime="2009-12-08T06:18:09.0067422-08:00" testType="13cdc9d9-ddb5-4fa4-a97d-d965ccfc6d4b" outcome="Passed" testListId="8c84fa94-04c1-424b-9868-57a2d4851a1d" relativeResultsDirectory="c81ac90d-ea98-45d4-b8d4-eeeffdd70b97">
    </UnitTestResult>
    <UnitTestResult executionId="fde8a53a-9755-4422-96ca-3b76b5e07146" testId="48bb4ce0-916f-fd78-cb24-8c67a8d2a76b" testName="MatrixMultiplyTest3" computerName="10266A-GEN-DEV" duration="00:00:00.0004805" startTime="2009-12-08T06:18:09.0096719-08:00" endTime="2009-12-08T06:18:09.0135782-08:00" testType="13cdc9d9-ddb5-4fa4-a97d-d965ccfc6d4b" outcome="Passed" testListId="8c84fa94-04c1-424b-9868-57a2d4851a1d" relativeResultsDirectory="fde8a53a-9755-4422-96ca-3b76b5e07146">
    </UnitTestResult>
  </Results>
</TestRun>